Loading RapidOCR model ...

[2026-01-01] 11 photo(s)
  R1: skipped (exists)
  R10: skipped (exists)
  R11: skipped (exists)
  R2: skipped (exists)
  R3: skipped (exists)
  R4: skipped (exists)
  R5: skipped (exists)
  R6: skipped (exists)
  R7: skipped (exists)
  R8: skipped (exists)
  R9: skipped (exists)

[2026-01-04] 11 photo(s)
  R1: skipped (exists)
  R10: skipped (exists)
  R11: skipped (exists)
  R2: skipped (exists)
  R3: skipped (exists)
  R4: skipped (exists)
  R5: skipped (exists)
  R6: skipped (exists)
  R7: skipped (exists)
  R8: skipped (exists)
  R9: skipped (exists)

[2026-01-07] 9 photo(s)
  R1: skipped (exists)
  R2: skipped (exists)
  R3: skipped (exists)
  R4: skipped (exists)
  R5: skipped (exists)
  R6: skipped (exists)
  R7: skipped (exists)
  R8: skipped (exists)
  R9: skipped (exists)

[2026-01-11] 11 photo(s)
  R1: skipped (exists)
  R10: skipped (exists)
  R11: skipped (exists)
  R2: skipped (exists)
  R3: skipped (exists)
  R4: skipped (exists)
  R5: skipped (exists)
  R6: skipped (exists)
  R7: skipped (exists)
  R8: skipped (exists)
  R9: skipped (exists)

[2026-01-14] 9 photo(s)
  R1: skipped (exists)
  R2: skipped (exists)
  R3: skipped (exists)
  R4: skipped (exists)
  R5: skipped (exists)
  R6: skipped (exists)
  R7: skipped (exists)
  R8: skipped (exists)
  R9: skipped (exists)

[2026-01-18] 11 photo(s)
  R1: skipped (exists)
  R10: skipped (exists)
  R11: skipped (exists)
  R2: skipped (exists)
  R3: skipped (exists)
  R4: skipped (exists)
  R5: skipped (exists)
  R6: skipped (exists)
  R7: skipped (exists)
  R8: skipped (exists)
  R9: skipped (exists)

[2026-01-21] 9 photo(s)
  R1: skipped (exists)
  R2: skipped (exists)
  R3: skipped (exists)
  R4: skipped (exists)
  R5: skipped (exists)
  R6: skipped (exists)
  R7: skipped (exists)
  R8: skipped (exists)
  R9: skipped (exists)

[2026-01-25] 11 photo(s)
  R1: skipped (exists)
  R10: skipped (exists)
  R11: skipped (exists)
  R2: skipped (exists)
  R3: skipped (exists)
  R4: skipped (exists)
  R5: skipped (exists)
  R6: skipped (exists)
  R7: skipped (exists)
  R8: skipped (exists)
  R9: skipped (exists)

[2026-01-28] 9 photo(s)
  R1: skipped (exists)
  R2: skipped (exists)
  R3: skipped (exists)
  R4: skipped (exists)
  R5: skipped (exists)
  R6: skipped (exists)
  R7: skipped (exists)
  R8: skipped (exists)
  R9: skipped (exists)

[2026-02-01] 11 photo(s)
  R1: skipped (exists)
  R10: skipped (exists)
  R11: skipped (exists)
  R2: skipped (exists)
  R3: skipped (exists)
  R4: skipped (exists)
  R5: skipped (exists)
  R6: skipped (exists)
  R7: skipped (exists)
  R8: skipped (exists)
  R9: skipped (exists)

[2026-02-04] 9 photo(s)
  R1: skipped (exists)
  R2: skipped (exists)
  R3: skipped (exists)
  R4: skipped (exists)
  R5: skipped (exists)
  R6: skipped (exists)
  R7: skipped (exists)
  R8: skipped (exists)
  R9: skipped (exists)

[2026-02-08] 11 photo(s)
  R1: skipped (exists)
  R10: skipped (exists)
  R11: skipped (exists)
  R2: skipped (exists)
  R3: skipped (exists)
  R4: skipped (exists)
  R5: skipped (exists)
  R6: skipped (exists)
  R7: skipped (exists)
  R8: skipped (exists)
  R9: skipped (exists)

[2026-02-11] 9 photo(s)
  R1: skipped (exists)
  R2: skipped (exists)
  R3: skipped (exists)
  R4: skipped (exists)
  R5: skipped (exists)
  R6: skipped (exists)
  R7: skipped (exists)
  R8: skipped (exists)
  R9: skipped (exists)

[2026-02-14] 10 photo(s)
  R1: skipped (exists)
  R10: skipped (exists)
  R2: skipped (exists)
  R3: skipped (exists)
  R4: skipped (exists)
  R5: skipped (exists)
  R6: skipped (exists)
  R7: skipped (exists)
  R8: skipped (exists)
  R9: skipped (exists)

[2026-02-19] 11 photo(s)
  R1: skipped (exists)
  R10: skipped (exists)
  R11: skipped (exists)
  R2: skipped (exists)
  R3: skipped (exists)
  R4: skipped (exists)
  R5: skipped (exists)
  R6: skipped (exists)
  R7: skipped (exists)
  R8: skipped (exists)
  R9: skipped (exists)

[2026-02-22] 11 photo(s)
  R1: skipped (exists)
  R10: skipped (exists)
  R11: skipped (exists)
  R2: skipped (exists)
  R3: skipped (exists)
  R4: skipped (exists)
  R5: skipped (exists)
  R6: skipped (exists)
  R7: skipped (exists)
  R8: skipped (exists)
  R9: skipped (exists)

[2026-02-25] 9 photo(s)
  R1: skipped (exists)
  R2: skipped (exists)
  R3: skipped (exists)
  R4: skipped (exists)
  R5: skipped (exists)
  R6: skipped (exists)
  R7: skipped (exists)
  R8: skipped (exists)
  R9: skipped (exists)

[2026-03-01] 11 photo(s)
  R1: skipped (exists)
  R10: skipped (exists)
  R11: skipped (exists)
  R2: skipped (exists)
  R3: skipped (exists)
  R4: skipped (exists)
  R5: skipped (exists)
  R6: skipped (exists)
  R7: skipped (exists)
  R8: skipped (exists)
  R9: skipped (exists)

[2026-03-04] 9 photo(s)
  R1: skipped (exists)
  R2: skipped (exists)
  R3: skipped (exists)
  R4: skipped (exists)
  R5: skipped (exists)
  R6: skipped (exists)
  R7: skipped (exists)
  R8: skipped (exists)
  R9: skipped (exists)

[2026-03-08] 11 photo(s)
  R1: skipped (exists)
  R10: skipped (exists)
  R11: skipped (exists)
  R2: 0/0 horses (?) ┬╖ 85 OCR boxes ┬╖ 5 bands
  R3: 0/0 horses (?) ┬╖ 72 OCR boxes ┬╖ 4 bands
  R4: 0/0 horses (?) ┬╖ 76 OCR boxes ┬╖ 4 bands
  R5: 0/0 horses (?) ┬╖ 82 OCR boxes ┬╖ 4 bands
  R6: 0/0 horses (?) ┬╖ 69 OCR boxes ┬╖ 5 bands
  R7: 0/0 horses (?) ┬╖ 66 OCR boxes ┬╖ 4 bands
  R8: 0/0 horses (?) ┬╖ 65 OCR boxes ┬╖ 4 bands
  R9: 0/0 horses (?) ┬╖ 60 OCR boxes ┬╖ 4 bands

[2026-03-11] 9 photo(s)
  R1: 0/0 horses (?) ┬╖ 70 OCR boxes ┬╖ 4 bands
  R2: 0/0 horses (?) ┬╖ 74 OCR boxes ┬╖ 4 bands
  R3: 0/0 horses (?) ┬╖ 68 OCR boxes ┬╖ 4 bands
  R4: 0/0 horses (?) ┬╖ 65 OCR boxes ┬╖ 4 bands
  R5: 0/0 horses (?) ┬╖ 57 OCR boxes ┬╖ 4 bands
  R6: 0/0 horses (?) ┬╖ 73 OCR boxes ┬╖ 4 bands
  R7: 0/0 horses (?) ┬╖ 76 OCR boxes ┬╖ 4 bands
  R8: 0/0 horses (?) ┬╖ 64 OCR boxes ┬╖ 4 bands
  R9: 0/0 horses (?) ┬╖ 59 OCR boxes ┬╖ 4 bands

[2026-03-15] 11 photo(s)
  R1: 0/0 horses (?) ┬╖ 92 OCR boxes ┬╖ 4 bands
  R10: 0/0 horses (?) ┬╖ 56 OCR boxes ┬╖ 4 bands
  R11: 0/0 horses (?) ┬╖ 73 OCR boxes ┬╖ 4 bands
  R2: 0/0 horses (?) ┬╖ 65 OCR boxes ┬╖ 4 bands
  R3: 0/0 horses (?) ┬╖ 74 OCR boxes ┬╖ 4 bands
  R4: 0/0 horses (?) ┬╖ 58 OCR boxes ┬╖ 4 bands
  R5: 0/0 horses (?) ┬╖ 69 OCR boxes ┬╖ 4 bands
  R6: 0/0 horses (?) ┬╖ 57 OCR boxes ┬╖ 4 bands
  R7: 0/0 horses (?) ┬╖ 84 OCR boxes ┬╖ 4 bands
  R8: 0/0 horses (?) ┬╖ 66 OCR boxes ┬╖ 4 bands
  R9: 0/0 horses (?) ┬╖ 71 OCR boxes ┬╖ 4 bands

[2026-03-18] 9 photo(s)
  R1: 0/0 horses (?) ┬╖ 76 OCR boxes ┬╖ 4 bands
  R2: 0/0 horses (?) ┬╖ 66 OCR boxes ┬╖ 5 bands
  R3: 0/0 horses (?) ┬╖ 74 OCR boxes ┬╖ 5 bands
  R4: 0/0 horses (?) ┬╖ 68 OCR boxes ┬╖ 4 bands
  R5: 0/0 horses (?) ┬╖ 77 OCR boxes ┬╖ 5 bands
  R6: 0/0 horses (?) ┬╖ 63 OCR boxes ┬╖ 4 bands
  R7: 0/0 horses (?) ┬╖ 61 OCR boxes ┬╖ 4 bands
  R8: 0/0 horses (?) ┬╖ 82 OCR boxes ┬╖ 5 bands
  R9: 0/0 horses (?) ┬╖ 63 OCR boxes ┬╖ 5 bands

[2026-03-22] 10 photo(s)
  R1: 0/0 horses (?) ┬╖ 82 OCR boxes ┬╖ 4 bands
  R10: 0/0 horses (?) ┬╖ 73 OCR boxes ┬╖ 4 bands
  R2: 0/0 horses (?) ┬╖ 70 OCR boxes ┬╖ 4 bands
  R3: 0/0 horses (?) ┬╖ 60 OCR boxes ┬╖ 4 bands
  R4: 0/0 horses (?) ┬╖ 77 OCR boxes ┬╖ 4 bands
  R5: 0/0 horses (?) ┬╖ 73 OCR boxes ┬╖ 4 bands
  R6: 0/0 horses (?) ┬╖ 33 OCR boxes ┬╖ 4 bands
  R7: 0/0 horses (?) ┬╖ 67 OCR boxes ┬╖ 4 bands
  R8: 0/0 horses (?) ┬╖ 73 OCR boxes ┬╖ 4 bands
  R9: 0/0 horses (?) ┬╖ 56 OCR boxes ┬╖ 4 bands

[2026-03-25] 9 photo(s)
  R1: 0/0 horses (?) ┬╖ 76 OCR boxes ┬╖ 4 bands
  R2: 0/0 horses (?) ┬╖ 69 OCR boxes ┬╖ 4 bands
  R3: 0/0 horses (?) ┬╖ 62 OCR boxes ┬╖ 4 bands
  R4: 0/0 horses (?) ┬╖ 81 OCR boxes ┬╖ 4 bands
  R5: 0/0 horses (?) ┬╖ 84 OCR boxes ┬╖ 4 bands
  R6: 0/0 horses (?) ┬╖ 57 OCR boxes ┬╖ 4 bands
  R7: 0/0 horses (?) ┬╖ 74 OCR boxes ┬╖ 4 bands
  R8: 0/0 horses (?) ┬╖ 66 OCR boxes ┬╖ 4 bands
  R9: 0/0 horses (?) ┬╖ 80 OCR boxes ┬╖ 4 bands

[2026-03-29] 11 photo(s)
  R1: 0/0 horses (?) ┬╖ 83 OCR boxes ┬╖ 4 bands
  R10: 0/0 horses (?) ┬╖ 89 OCR boxes ┬╖ 4 bands
  R11: 0/0 horses (?) ┬╖ 74 OCR boxes ┬╖ 4 bands
  R2: 0/0 horses (?) ┬╖ 78 OCR boxes ┬╖ 4 bands
  R3: 0/0 horses (?) ┬╖ 79 OCR boxes ┬╖ 4 bands
  R4: 0/0 horses (?) ┬╖ 59 OCR boxes ┬╖ 4 bands
  R5: 0/0 horses (?) ┬╖ 88 OCR boxes ┬╖ 4 bands
  R6: 0/0 horses (?) ┬╖ 92 OCR boxes ┬╖ 4 bands
  R7: 0/0 horses (?) ┬╖ 79 OCR boxes ┬╖ 4 bands
  R8: 0/0 horses (?) ┬╖ 65 OCR boxes ┬╖ 4 bands
  R9: 0/0 horses (?) ┬╖ 57 OCR boxes ┬╖ 4 bands

[2026-04-01] 9 photo(s)
  R1: skipped (exists)
  R2: skipped (exists)
  R3: skipped (exists)
  R4: skipped (exists)
  R5: skipped (exists)
  R6: skipped (exists)
  R7: skipped (exists)
  R8: skipped (exists)
  R9: skipped (exists)

[2026-04-06] 11 photo(s)
  R1: skipped (exists)
  R10: skipped (exists)
  R11: skipped (exists)
  R2: skipped (exists)
  R3: skipped (exists)
  R4: skipped (exists)
  R5: skipped (exists)
  R6: skipped (exists)
  R7: skipped (exists)
  R8: skipped (exists)
  R9: skipped (exists)

[2026-04-08] 9 photo(s)
  R1: skipped (exists)
  R2: skipped (exists)
  R3: skipped (exists)
  R4: skipped (exists)
  R5: skipped (exists)
  R6: skipped (exists)
  R7: skipped (exists)
  R8: skipped (exists)
  R9: skipped (exists)

[2026-04-12] 11 photo(s)
  R1: skipped (exists)
  R10: skipped (exists)
  R11: skipped (exists)
  R2: skipped (exists)
  R3: skipped (exists)
  R4: skipped (exists)
  R5: skipped (exists)
  R6: skipped (exists)
  R7: skipped (exists)
  R8: skipped (exists)
  R9: skipped (exists)

[2026-04-15] 9 photo(s)
  R1: skipped (exists)
  R2: skipped (exists)
  R3: skipped (exists)
  R4: skipped (exists)
  R5: skipped (exists)
  R6: skipped (exists)
  R7: skipped (exists)
  R8: skipped (exists)
  R9: skipped (exists)

[2026-04-19] 11 photo(s)
  R1: skipped (exists)
  R10: skipped (exists)
  R11: skipped (exists)
  R2: skipped (exists)
  R3: skipped (exists)
  R4: skipped (exists)
  R5: skipped (exists)
  R6: skipped (exists)
  R7: skipped (exists)
  R8: skipped (exists)
  R9: skipped (exists)

Done. Parsed=67  Skipped=255  Matched horses=0  Unmatched=0  (343.7s total)
