
27 dates to scrape: ['2026-01-01', '2026-01-04', '2026-01-07', '2026-01-11', '2026-01-14', '2026-01-18', '2026-01-21', '2026-01-25', '2026-01-28', '2026-02-01', '2026-02-04', '2026-02-08', '2026-02-11', '2026-02-14', '2026-02-19', '2026-02-22', '2026-02-25', '2026-03-01', '2026-03-04', '2026-03-08', '2026-03-11', '2026-03-15', '2026-03-18', '2026-03-22', '2026-03-25', '2026-03-29', '2026-04-22']


===== [1/27] 2026-01-01 =====
  11 races, 153 total runners
  Dividends: 156 rows ├óΓÇáΓÇÖ dividends_20260101.json
  [db] OneDrive lock ├óΓé¼ΓÇ¥ saved to C:\Users\tbhbr\AppData\Local\Temp\hkjc_results_updated.xlsx instead.
  DB append: 153 rows merged into hkjc_results_updated.xlsx

===== [2/27] 2026-01-04 =====
  11 races, 142 total runners
  Dividends: 156 rows ├óΓÇáΓÇÖ dividends_20260104.json
  [db] OneDrive lock ├óΓé¼ΓÇ¥ saved to C:\Users\tbhbr\AppData\Local\Temp\hkjc_results_updated.xlsx instead.
  DB append: 142 rows merged into hkjc_results_updated.xlsx

===== [3/27] 2026-01-07 =====
  9 races, 108 total runners
  Dividends: 128 rows ├óΓÇáΓÇÖ dividends_20260107.json
  [db] OneDrive lock ├óΓé¼ΓÇ¥ saved to C:\Users\tbhbr\AppData\Local\Temp\hkjc_results_updated.xlsx instead.
  DB append: 108 rows merged into hkjc_results_updated.xlsx

===== [4/27] 2026-01-11 =====
  11 races, 147 total runners
  Dividends: 155 rows ├óΓÇáΓÇÖ dividends_20260111.json
  [db] OneDrive lock ├óΓé¼ΓÇ¥ saved to C:\Users\tbhbr\AppData\Local\Temp\hkjc_results_updated.xlsx instead.
  DB append: 147 rows merged into hkjc_results_updated.xlsx

===== [5/27] 2026-01-14 =====
  9 races, 110 total runners
  Dividends: 128 rows ├óΓÇáΓÇÖ dividends_20260114.json
  [db] OneDrive lock ├óΓé¼ΓÇ¥ saved to C:\Users\tbhbr\AppData\Local\Temp\hkjc_results_updated.xlsx instead.
  DB append: 110 rows merged into hkjc_results_updated.xlsx

===== [6/27] 2026-01-18 =====
  11 races, 153 total runners
  Dividends: 156 rows ├óΓÇáΓÇÖ dividends_20260118.json
  [db] OneDrive lock ├óΓé¼ΓÇ¥ saved to C:\Users\tbhbr\AppData\Local\Temp\hkjc_results_updated.xlsx instead.
  DB append: 153 rows merged into hkjc_results_updated.xlsx

===== [7/27] 2026-01-21 =====
  9 races, 110 total runners
  Dividends: 124 rows ├óΓÇáΓÇÖ dividends_20260121.json
  [db] OneDrive lock ├óΓé¼ΓÇ¥ saved to C:\Users\tbhbr\AppData\Local\Temp\hkjc_results_updated.xlsx instead.
  DB append: 110 rows merged into hkjc_results_updated.xlsx

===== [8/27] 2026-01-25 =====
TIMEOUT

===== [9/27] 2026-01-28 =====
  9 races, 109 total runners
  Dividends: 128 rows ├óΓÇáΓÇÖ dividends_20260128.json
  [db] OneDrive lock ├óΓé¼ΓÇ¥ saved to C:\Users\tbhbr\AppData\Local\Temp\hkjc_results_updated.xlsx instead.
  DB append: 109 rows merged into hkjc_results_updated.xlsx

===== [10/27] 2026-02-01 =====
  11 races, 144 total runners
  Dividends: 152 rows ├óΓÇáΓÇÖ dividends_20260201.json
  [db] OneDrive lock ├óΓé¼ΓÇ¥ saved to C:\Users\tbhbr\AppData\Local\Temp\hkjc_results_updated.xlsx instead.
  DB append: 144 rows merged into hkjc_results_updated.xlsx

===== [11/27] 2026-02-04 =====
  9 races, 106 total runners
  Dividends: 136 rows ├óΓÇáΓÇÖ dividends_20260204.json
  [db] OneDrive lock ├óΓé¼ΓÇ¥ saved to C:\Users\tbhbr\AppData\Local\Temp\hkjc_results_updated.xlsx instead.
  DB append: 106 rows merged into hkjc_results_updated.xlsx

===== [12/27] 2026-02-08 =====
  11 races, 141 total runners
  Dividends: 156 rows ├óΓÇáΓÇÖ dividends_20260208.json
  [db] OneDrive lock ├óΓé¼ΓÇ¥ saved to C:\Users\tbhbr\AppData\Local\Temp\hkjc_results_updated.xlsx instead.
  DB append: 141 rows merged into hkjc_results_updated.xlsx

===== [13/27] 2026-02-11 =====
  9 races, 110 total runners
  Dividends: 128 rows ├óΓÇáΓÇÖ dividends_20260211.json
  [db] OneDrive lock ├óΓé¼ΓÇ¥ saved to C:\Users\tbhbr\AppData\Local\Temp\hkjc_results_updated.xlsx instead.
  DB append: 110 rows merged into hkjc_results_updated.xlsx

===== [14/27] 2026-02-14 =====
  10 races, 134 total runners
  Dividends: 142 rows ├óΓÇáΓÇÖ dividends_20260214.json
  [db] OneDrive lock ├óΓé¼ΓÇ¥ saved to C:\Users\tbhbr\AppData\Local\Temp\hkjc_results_updated.xlsx instead.
  DB append: 134 rows merged into hkjc_results_updated.xlsx

===== [15/27] 2026-02-19 =====
  11 races, 152 total runners
  Dividends: 156 rows ├óΓÇáΓÇÖ dividends_20260219.json
  [db] OneDrive lock ├óΓé¼ΓÇ¥ saved to C:\Users\tbhbr\AppData\Local\Temp\hkjc_results_updated.xlsx instead.
  DB append: 152 rows merged into hkjc_results_updated.xlsx

===== [16/27] 2026-02-22 =====
  11 races, 141 total runners
  Dividends: 156 rows ├óΓÇáΓÇÖ dividends_20260222.json
  [db] OneDrive lock ├óΓé¼ΓÇ¥ saved to C:\Users\tbhbr\AppData\Local\Temp\hkjc_results_updated.xlsx instead.
  DB append: 141 rows merged into hkjc_results_updated.xlsx

===== [17/27] 2026-02-25 =====
  9 races, 103 total runners
  Dividends: 127 rows ├óΓÇáΓÇÖ dividends_20260225.json
  [db] OneDrive lock ├óΓé¼ΓÇ¥ saved to C:\Users\tbhbr\AppData\Local\Temp\hkjc_results_updated.xlsx instead.
  DB append: 103 rows merged into hkjc_results_updated.xlsx

===== [18/27] 2026-03-01 =====
  11 races, 139 total runners
  Dividends: 152 rows ├óΓÇáΓÇÖ dividends_20260301.json
  [db] OneDrive lock ├óΓé¼ΓÇ¥ saved to C:\Users\tbhbr\AppData\Local\Temp\hkjc_results_updated.xlsx instead.
  DB append: 139 rows merged into hkjc_results_updated.xlsx

===== [19/27] 2026-03-04 =====
  9 races, 106 total runners
  Dividends: 128 rows ├óΓÇáΓÇÖ dividends_20260304.json
  [db] OneDrive lock ├óΓé¼ΓÇ¥ saved to C:\Users\tbhbr\AppData\Local\Temp\hkjc_results_updated.xlsx instead.
  DB append: 106 rows merged into hkjc_results_updated.xlsx

===== [20/27] 2026-03-08 =====
  11 races, 142 total runners
  Dividends: 156 rows ├óΓÇáΓÇÖ dividends_20260308.json
  [db] OneDrive lock ├óΓé¼ΓÇ¥ saved to C:\Users\tbhbr\AppData\Local\Temp\hkjc_results_updated.xlsx instead.
  DB append: 142 rows merged into hkjc_results_updated.xlsx

===== [21/27] 2026-03-11 =====
  9 races, 105 total runners
  Dividends: 127 rows ├óΓÇáΓÇÖ dividends_20260311.json
  [db] OneDrive lock ├óΓé¼ΓÇ¥ saved to C:\Users\tbhbr\AppData\Local\Temp\hkjc_results_updated.xlsx instead.
  DB append: 105 rows merged into hkjc_results_updated.xlsx

===== [22/27] 2026-03-15 =====
  11 races, 142 total runners
  Dividends: 163 rows ├óΓÇáΓÇÖ dividends_20260315.json
  [db] OneDrive lock ├óΓé¼ΓÇ¥ saved to C:\Users\tbhbr\AppData\Local\Temp\hkjc_results_updated.xlsx instead.
  DB append: 142 rows merged into hkjc_results_updated.xlsx

===== [23/27] 2026-03-18 =====
  9 races, 109 total runners
  Dividends: 134 rows ├óΓÇáΓÇÖ dividends_20260318.json
  [db] OneDrive lock ├óΓé¼ΓÇ¥ saved to C:\Users\tbhbr\AppData\Local\Temp\hkjc_results_updated.xlsx instead.
  DB append: 109 rows merged into hkjc_results_updated.xlsx

===== [24/27] 2026-03-22 =====
  10 races, 131 total runners
  Dividends: 142 rows ├óΓÇáΓÇÖ dividends_20260322.json
  [db] OneDrive lock ├óΓé¼ΓÇ¥ saved to C:\Users\tbhbr\AppData\Local\Temp\hkjc_results_updated.xlsx instead.
  DB append: 131 rows merged into hkjc_results_updated.xlsx

===== [25/27] 2026-03-25 =====
  9 races, 109 total runners
  Dividends: 128 rows ├óΓÇáΓÇÖ dividends_20260325.json
  [db] OneDrive lock ├óΓé¼ΓÇ¥ saved to C:\Users\tbhbr\AppData\Local\Temp\hkjc_results_updated.xlsx instead.
  DB append: 109 rows merged into hkjc_results_updated.xlsx

===== [26/27] 2026-03-29 =====
  11 races, 142 total runners
  Dividends: 156 rows ├óΓÇáΓÇÖ dividends_20260329.json
  [db] OneDrive lock ├óΓé¼ΓÇ¥ saved to C:\Users\tbhbr\AppData\Local\Temp\hkjc_results_updated.xlsx instead.
  DB append: 142 rows merged into hkjc_results_updated.xlsx

===== [27/27] 2026-04-22 =====
  0 races, 0 total runners
  Dividends: 0 rows ├óΓÇáΓÇÖ dividends_20260422.json
  [db] no runner rows in results_20260422.json
  DB append: 0 rows merged into hkjc_results_updated.xlsx

===== DONE =====
OK (26): ['2026-01-01', '2026-01-04', '2026-01-07', '2026-01-11', '2026-01-14', '2026-01-18', '2026-01-21', '2026-01-28', '2026-02-01', '2026-02-04', '2026-02-08', '2026-02-11', '2026-02-14', '2026-02-19', '2026-02-22', '2026-02-25', '2026-03-01', '2026-03-04', '2026-03-08', '2026-03-11', '2026-03-15', '2026-03-18', '2026-03-22', '2026-03-25', '2026-03-29', '2026-04-22']
FAIL (1): ['2026-01-25']
