Available dates: 220
Selected dates: 19/04/2026
Loaded horse cache: 754 entries

Processing meeting date: 19/04/2026
  Fetching race list for 19/04/2026...
Racecourse: ST | Races: [1, 2, 3, 4, 5, 6, 7, 8, 9, 10, 11]
  [1] Race #1 on 19/04/2026 [SCRAPING]
    Fetching horse profile: HK_2023_J058
    Fetching horse profile: HK_2023_J183
    Fetching horse profile: HK_2022_H293
    Fetching horse profile: HK_2023_J508
    Fetching horse profile: HK_2022_H234
    Fetching horse profile: HK_2024_K415
    Fetching horse profile: HK_2023_J524
    Fetching horse profile: HK_2024_K200
    Fetching horse profile: HK_2021_G427
    Fetching horse profile: HK_2019_D241
    Fetching horse profile: HK_2023_J453
    Fetching horse profile: HK_2021_E496
    Fetching horse profile: HK_2023_J002
    Fetching horse profile: HK_2023_J541
    Parsed 14 horses
  [2] Race #2 on 19/04/2026 [SCRAPING]
    Fetching horse profile: HK_2024_K052
    Fetching horse profile: HK_2021_G368
    Fetching horse profile: HK_2022_H430
    Fetching horse profile: HK_2021_G352
    Fetching horse profile: HK_2022_H320
    Fetching horse profile: HK_2023_J205
    Fetching horse profile: HK_2022_H178
    Fetching horse profile: HK_2024_K323
    Fetching horse profile: HK_2023_J312
    Fetching horse profile: HK_2023_J479
    Fetching horse profile: HK_2022_H144
    Fetching horse profile: HK_2024_K276
    Parsed 12 horses
  [3] Race #3 on 19/04/2026 [SCRAPING]
    Fetching horse profile: HK_2022_H405
    Fetching horse profile: HK_2025_L159
    Fetching horse profile: HK_2024_K552
    Fetching horse profile: HK_2023_J405
    Fetching horse profile: HK_2025_L105
    Fetching horse profile: HK_2025_L175
    Fetching horse profile: HK_2024_K320
    Fetching horse profile: HK_2021_G394
    Fetching horse profile: HK_2025_L181
    Fetching horse profile: HK_2025_L252
    Fetching horse profile: HK_2024_K284
    Fetching horse profile: HK_2024_K399
    Fetching horse profile: HK_2025_L275
    Fetching horse profile: HK_2024_K390
    Parsed 14 horses
  [4] Race #4 on 19/04/2026 [SCRAPING]
    Fetching horse profile: HK_2024_K487
    Fetching horse profile: HK_2024_K416
    Fetching horse profile: HK_2025_L118
    Fetching horse profile: HK_2024_K321
    Fetching horse profile: HK_2025_L256
    Fetching horse profile: HK_2023_J513
    Fetching horse profile: HK_2024_K465
    Fetching horse profile: HK_2023_J394
    Fetching horse profile: HK_2024_K402
    Fetching horse profile: HK_2024_K541
    Fetching horse profile: HK_2025_L211
    Fetching horse profile: HK_2024_K484
    Fetching horse profile: HK_2025_L066
    Fetching horse profile: HK_2024_K096
    Parsed 14 horses
  [5] Race #5 on 19/04/2026 [SCRAPING]
    Fetching horse profile: HK_2024_K260
    Fetching horse profile: HK_2025_L044
    Fetching horse profile: HK_2024_K009
    Fetching horse profile: HK_2022_H472
    Fetching horse profile: HK_2024_K490
    Fetching horse profile: HK_2024_K343
    Fetching horse profile: HK_2024_K481
    Fetching horse profile: HK_2025_L163
    Fetching horse profile: HK_2022_H392
    Fetching horse profile: HK_2024_K327
    Fetching horse profile: HK_2024_K555
    Fetching horse profile: HK_2025_L189
    Fetching horse profile: HK_2025_L138
    Fetching horse profile: HK_2025_L124
    Parsed 14 horses
  [6] Race #6 on 19/04/2026 [SCRAPING]
    Fetching horse profile: HK_2025_L037
    Fetching horse profile: HK_2024_K305
    Fetching horse profile: HK_2024_K111
    Fetching horse profile: HK_2023_J267
    Fetching horse profile: HK_2022_H120
    Fetching horse profile: HK_2023_J093
    Fetching horse profile: HK_2021_G223
    Fetching horse profile: HK_2024_K524
    Fetching horse profile: HK_2023_J510
    Fetching horse profile: HK_2023_J080
    Fetching horse profile: HK_2020_E471
    Fetching horse profile: HK_2023_J123
    Fetching horse profile: HK_2023_J486
    Fetching horse profile: HK_2024_K544
    Parsed 14 horses
  [7] Race #7 on 19/04/2026 [SCRAPING]
    Fetching horse profile: HK_2024_K107
    Fetching horse profile: HK_2023_J039
    Fetching horse profile: HK_2024_K204
    Fetching horse profile: HK_2023_J143
    Fetching horse profile: HK_2024_K405
    Fetching horse profile: HK_2024_K409
    Fetching horse profile: HK_2020_E434
    Fetching horse profile: HK_2024_K293
    Fetching horse profile: HK_2024_K217
    Fetching horse profile: HK_2024_K264
    Fetching horse profile: HK_2024_K170
    Fetching horse profile: HK_2025_L140
    Parsed 12 horses
  [8] Race #8 on 19/04/2026 [SCRAPING]
    Fetching horse profile: HK_2023_J133
    Fetching horse profile: HK_2024_K097
    Fetching horse profile: HK_2024_K167
    Fetching horse profile: HK_2023_J239
    Fetching horse profile: HK_2022_H155
    Fetching horse profile: HK_2020_E301
    Fetching horse profile: HK_2025_L117
    Fetching horse profile: HK_2024_K086
    Fetching horse profile: HK_2020_E459
    Fetching horse profile: HK_2023_J537
    Fetching horse profile: HK_2023_J157
    Parsed 11 horses
  [9] Race #9 on 19/04/2026 [SCRAPING]
    Fetching horse profile: HK_2024_K032
    Fetching horse profile: HK_2024_K172
    Fetching horse profile: HK_2025_L148
    Fetching horse profile: HK_2024_K238
    Fetching horse profile: HK_2025_L076
    Fetching horse profile: HK_2024_K400
    Fetching horse profile: HK_2024_K285
    Fetching horse profile: HK_2025_L267
    Fetching horse profile: HK_2023_J531
    Fetching horse profile: HK_2024_K426
    Fetching horse profile: HK_2025_L135
    Fetching horse profile: HK_2024_K511
    Parsed 12 horses
  [10] Race #10 on 19/04/2026 [SCRAPING]
    Fetching horse profile: HK_2025_L099
    Fetching horse profile: HK_2024_K365
    Fetching horse profile: HK_2023_J391
    Fetching horse profile: HK_2023_J150
    Fetching horse profile: HK_2023_J118
    Fetching horse profile: HK_2024_K245
    Fetching horse profile: HK_2024_K153
    Fetching horse profile: HK_2024_K485
    Fetching horse profile: HK_2025_L095
    Fetching horse profile: HK_2024_K549
    Fetching horse profile: HK_2024_K367
    Fetching horse profile: HK_2024_K519
    Parsed 12 horses
  [11] Race #11 on 19/04/2026 [SCRAPING]
    Fetching horse profile: HK_2025_L187
    Fetching horse profile: HK_2023_J075
    Fetching horse profile: HK_2022_H383
    Fetching horse profile: HK_2024_K385
    Fetching horse profile: HK_2023_J050
    Fetching horse profile: HK_2021_G448
    Fetching horse profile: HK_2025_L108
    Fetching horse profile: HK_2024_K129
    Fetching horse profile: HK_2023_J301
    Fetching horse profile: HK_2023_J092
    Fetching horse profile: HK_2023_J357
    Fetching horse profile: HK_2022_H474
    Fetching horse profile: HK_2023_J026
    Fetching horse profile: HK_2024_K094
    Parsed 14 horses

--- Summary ---
Races processed: 11
Races scraped: 11
Races skipped (cached): 0
Horses in cache: 810
Total rows collected: 143
Traceback (most recent call last):
  File "C:\Users\tbhbr\OneDrive\Desktop\python\HK races anaylsis, April onwards\scrape_hkjc.py", line 1166, in <module>
    main()
    ~~~~^^
  File "C:\Users\tbhbr\OneDrive\Desktop\python\HK races anaylsis, April onwards\scrape_hkjc.py", line 1154, in main
    df.to_excel(args.output, index=False, sheet_name="Sample Data")
    ~~~~~~~~~~~^^^^^^^^^^^^^^^^^^^^^^^^^^^^^^^^^^^^^^^^^^^^^^^^^^^^
  File "C:\Users\tbhbr\miniconda3\Lib\site-packages\pandas\util\_decorators.py", line 333, in wrapper
    return func(*args, **kwargs)
  File "C:\Users\tbhbr\miniconda3\Lib\site-packages\pandas\core\generic.py", line 2439, in to_excel
    formatter.write(
    ~~~~~~~~~~~~~~~^
        excel_writer,
        ^^^^^^^^^^^^^
    ...<6 lines>...
        engine_kwargs=engine_kwargs,
        ^^^^^^^^^^^^^^^^^^^^^^^^^^^^
    )
    ^
  File "C:\Users\tbhbr\miniconda3\Lib\site-packages\pandas\io\formats\excel.py", line 943, in write
    writer = ExcelWriter(
        writer,
    ...<2 lines>...
        engine_kwargs=engine_kwargs,
    )
  File "C:\Users\tbhbr\miniconda3\Lib\site-packages\pandas\io\excel\_openpyxl.py", line 61, in __init__
    super().__init__(
    ~~~~~~~~~~~~~~~~^
        path,
        ^^^^^
    ...<3 lines>...
        engine_kwargs=engine_kwargs,
        ^^^^^^^^^^^^^^^^^^^^^^^^^^^^
    )
    ^
  File "C:\Users\tbhbr\miniconda3\Lib\site-packages\pandas\io\excel\_base.py", line 1246, in __init__
    self._handles = get_handle(
                    ~~~~~~~~~~^
        path, mode, storage_options=storage_options, is_text=False
        ^^^^^^^^^^^^^^^^^^^^^^^^^^^^^^^^^^^^^^^^^^^^^^^^^^^^^^^^^^
    )
    ^
  File "C:\Users\tbhbr\miniconda3\Lib\site-packages\pandas\io\common.py", line 882, in get_handle
    handle = open(handle, ioargs.mode)
PermissionError: [Errno 13] Permission denied: 'hkjc_results.xlsx'
